error: this trait bound has already been specified
  --> $DIR/duplicate_bounds.rs:6:8
   |
LL |     T: DupDirectAndWhere,
   |        ^^^^^^^^^^^^^^^^^
   |
note: the lint level is defined here
  --> $DIR/duplicate_bounds.rs:1:9
   |
LL | #![deny(duplicate_bounds)]
   |         ^^^^^^^^^^^^^^^^
   = help: consider removing this trait bound

error: this trait bound has already been specified
  --> $DIR/duplicate_bounds.rs:8:8
   |
LL |     T: DupDirectAndWhere,
   |        ^^^^^^^^^^^^^^^^^
   |
   = help: consider removing this trait bound

error: this trait bound has already been specified
  --> $DIR/duplicate_bounds.rs:15:30
   |
LL | fn dup_direct<T: DupDirect + DupDirect>(t: T) {
   |                              ^^^^^^^^^
   |
   = help: consider removing this trait bound

error: this trait bound has already been specified
  --> $DIR/duplicate_bounds.rs:23:19
   |
LL |     T: DupWhere + DupWhere,
   |                   ^^^^^^^^
   |
   = help: consider removing this trait bound

error: this lifetime bound has already been specified
  --> $DIR/duplicate_bounds.rs:34:31
   |
LL | fn dup_lifetimes<'a, 'b: 'a + 'a>() {}
   |                               ^^
   |
   = help: consider removing this lifetime bound

error: this lifetime bound has already been specified
  --> $DIR/duplicate_bounds.rs:37:38
   |
LL | fn dup_lifetimes_generic<'a, T: 'a + 'a>() {}
   |                                      ^^
   |
   = help: consider removing this lifetime bound

error: this lifetime bound has already been specified
  --> $DIR/duplicate_bounds.rs:42:8
   |
LL |     T: 'static,
   |        ^^^^^^^
   |
   = help: consider removing this lifetime bound

error: this trait bound has already been specified
  --> $DIR/duplicate_bounds.rs:48:31
   |
LL | fn everything<T: Everything + Everything, U: Everything + Everything>((t, u): (T, U))
   |                               ^^^^^^^^^^
   |
   = help: consider removing this trait bound

error: this trait bound has already been specified
  --> $DIR/duplicate_bounds.rs:48:59
   |
LL | fn everything<T: Everything + Everything, U: Everything + Everything>((t, u): (T, U))
   |                                                           ^^^^^^^^^^
   |
   = help: consider removing this trait bound

error: this trait bound has already been specified
  --> $DIR/duplicate_bounds.rs:52:8
   |
LL |     T: Everything + Everything + Everything,
   |        ^^^^^^^^^^
   |
   = help: consider removing this trait bound

error: this trait bound has already been specified
  --> $DIR/duplicate_bounds.rs:52:21
   |
LL |     T: Everything + Everything + Everything,
   |                     ^^^^^^^^^^
   |
   = help: consider removing this trait bound

error: this trait bound has already been specified
  --> $DIR/duplicate_bounds.rs:52:34
   |
LL |     T: Everything + Everything + Everything,
   |                                  ^^^^^^^^^^
   |
   = help: consider removing this trait bound

error: this trait bound has already been specified
  --> $DIR/duplicate_bounds.rs:56:8
   |
LL |     U: Everything,
   |        ^^^^^^^^^^
   |
   = help: consider removing this trait bound

error: aborting due to 13 previous errors

